###############################################################################
#
# IAR ELF Linker V9.20.4.327/W64 for ARM                  23/Oct/2022  12:18:58
# Copyright 2007-2022 IAR Systems AB.
#
#    Output file  =
#        E:\EG
#        FWD\ARM\Project\__workspace\Project\First_Project\Debug\Exe\First
#        Project.out
#    Map file     =
#        E:\EG
#        FWD\ARM\Project\__workspace\Project\First_Project\Debug\List\First
#        Project.map
#    Command line =
#        -f "E:\EG
#        FWD\ARM\Project\__workspace\Project\First_Project\Debug\Exe\First
#        Project.out.rsp" ("E:\EG
#        FWD\ARM\Project\__workspace\Project\First_Project\Debug\Obj\Mcal\GPIO.o"
#        "E:\EG
#        FWD\ARM\Project\__workspace\Project\First_Project\Debug\Obj\Mcal\GPT.o"
#        "E:\EG
#        FWD\ARM\Project\__workspace\Project\First_Project\Debug\Obj\HAL\LED.o"
#        "E:\EG
#        FWD\ARM\Project\__workspace\Project\First_Project\Debug\Obj\Services\LED_PWM.o"
#        "E:\EG
#        FWD\ARM\Project\__workspace\Project\First_Project\Debug\Obj\App\main.o"
#        "E:\EG
#        FWD\ARM\Project\__workspace\Project\First_Project\Debug\Obj\Mcal\NVIC.o"
#        "E:\EG
#        FWD\ARM\Project\__workspace\Project\First_Project\Debug\Obj\Mcal\SysTick.o"
#        --no_out_extension -o "E:\EG
#        FWD\ARM\Project\__workspace\Project\First_Project\Debug\Exe\First
#        Project.out" --redirect _Printf=_PrintfFullNoMb --redirect
#        _Scanf=_ScanfFullNoMb --map "E:\EG
#        FWD\ARM\Project\__workspace\Project\First_Project\Debug\List\First
#        Project.map" --config "C:\Program Files\IAR Systems\Embedded Workbench
#        9.0\arm\config\generic_cortex.icf" --semihosting --entry
#        __iar_program_start --vfe --text_out locale)
#
###############################################################################

*******************************************************************************
*** RUNTIME MODEL ATTRIBUTES
***

CppFlavor       = *
__CPP_Runtime   = 1
__SystemLibrary = DLib
__dlib_version  = 6


*******************************************************************************
*** HEAP SELECTION
***

The basic heap was selected because some modules are built with
size limitations (and not runtime checking), and --advanced_heap
was not specified.


*******************************************************************************
*** PLACEMENT SUMMARY
***

"A0":  place at address 0x0 { ro section .intvec };
"P1":  place in [from 0x0 to 0x7'ffff] { ro };
define block CSTACK with size = 1K, alignment = 8 { };
define block PROC_STACK with size = 0, alignment = 8 { };
define block HEAP with size = 2K, alignment = 8 { };
"P2":  place in [from 0x2000'0000 to 0x2000'ffff] {
          rw, block CSTACK, block PROC_STACK, block HEAP };

  Section          Kind         Address   Size  Object
  -------          ----         -------   ----  ------
"A0":                                     0x40
  .intvec          ro code          0x0   0x40  vector_table_M.o [6]
                                 - 0x40   0x40

"P1":                                    0x980
  .text            ro code         0x40  0x6d4  GPIO.o [3]
  .text            ro code        0x714   0xbc  GPT.o [3]
  .text            ro code        0x7d0   0x6c  LED_PWM.o [4]
  .text            ro code        0x83c   0x56  ABImemcpy_unaligned.o [6]
  .text            ro code        0x892    0x2  vectortrap_M.o [6]
  .text            ro code        0x894   0x10  NVIC.o [3]
  .text            ro code        0x8a4    0xe  LED.o [2]
  .text            ro code        0x8b2   0x38  zero_init3.o [6]
  .text            ro code        0x8ec   0x28  data_init.o [6]
  .iar.init_table  const          0x914   0x10  - Linker created -
  .text            ro code        0x924   0x1e  cmain.o [6]
  .text            ro code        0x942    0x4  low_level_init.o [5]
  .text            ro code        0x946   0x10  main.o [1]
  .text            ro code        0x956    0x4  exit.o [5]
  .text            ro code        0x95c    0xa  cexit.o [6]
  .text            ro code        0x968   0x14  exit.o [7]
  .text            ro code        0x97c   0x1c  cstartup_M.o [6]
  .rodata          const          0x998   0x14  LED_PWM.o [4]
  .text            ro code        0x9ac   0x14  SysTick.o [3]
  .rodata          const          0x9c0    0x0  zero_init3.o [6]
                                - 0x9c0  0x980

"P2", part 1 of 2:                         0x8
  .bss             zero     0x2000'0000    0x4  GPT.o [3]
  .bss             zero     0x2000'0004    0x4  SysTick.o [3]
                          - 0x2000'0008    0x8

"P2", part 2 of 2:                       0x400
  CSTACK                    0x2000'0008  0x400  <Block>
    CSTACK         uninit   0x2000'0008  0x400  <Block tail>
                          - 0x2000'0408  0x400

Unused ranges:

         From           To      Size
         ----           --      ----
        0x9c0     0x7'ffff  0x7'f640
  0x2000'0408  0x2000'ffff    0xfbf8


*******************************************************************************
*** INIT TABLE
***

          Address      Size
          -------      ----
Zero (__iar_zero_init3)
    1 destination range, total size 0x8:
          0x2000'0000   0x8



*******************************************************************************
*** MODULE SUMMARY
***

    Module                 ro code  ro data  rw data
    ------                 -------  -------  -------
command line/config:
    ------------------------------------------------
    Total:

E:\EG FWD\ARM\Project\__workspace\Project\First_Project\Debug\Obj\App: [1]
    main.o                      16
    ------------------------------------------------
    Total:                      16

E:\EG FWD\ARM\Project\__workspace\Project\First_Project\Debug\Obj\HAL: [2]
    LED.o                       14
    ------------------------------------------------
    Total:                      14

E:\EG FWD\ARM\Project\__workspace\Project\First_Project\Debug\Obj\Mcal: [3]
    GPIO.o                   1'748
    GPT.o                      188                 4
    NVIC.o                      16
    SysTick.o                   20                 4
    ------------------------------------------------
    Total:                   1'972                 8

E:\EG FWD\ARM\Project\__workspace\Project\First_Project\Debug\Obj\Services: [4]
    LED_PWM.o                  108       20
    ------------------------------------------------
    Total:                     108       20

dl7M_tln.a: [5]
    exit.o                       4
    low_level_init.o             4
    ------------------------------------------------
    Total:                       8

rt7M_tl.a: [6]
    ABImemcpy_unaligned.o       86
    cexit.o                     10
    cmain.o                     30
    cstartup_M.o                28
    data_init.o                 40
    vector_table_M.o            64
    vectortrap_M.o               2
    zero_init3.o                56
    ------------------------------------------------
    Total:                     316

shb_l.a: [7]
    exit.o                      20
    ------------------------------------------------
    Total:                      20

    Gaps                         6
    Linker created                       16    1'024
----------------------------------------------------
    Grand Total:             2'460       36    1'032


*******************************************************************************
*** ENTRY LIST
***

Entry                       Address   Size  Type      Object
-----                       -------   ----  ----      ------
.iar.init_table$$Base         0x914          --   Gb  - Linker created -
.iar.init_table$$Limit        0x924          --   Gb  - Linker created -
?main                         0x925         Code  Gb  cmain.o [6]
BusFault_Handler              0x893         Code  Wk  vectortrap_M.o [6]
CSTACK$$Base            0x2000'0008          --   Gb  - Linker created -
CSTACK$$Limit           0x2000'0408          --   Gb  - Linker created -
DebugMon_Handler              0x893         Code  Wk  vectortrap_M.o [6]
GPIO_initPin                   0x41  0x496  Code  Gb  GPIO.o [3]
GPIO_writePin                 0x4d7  0x15c  Code  Gb  GPIO.o [3]
Gpt_DisableIntNotification
                              0x76d   0x14  Code  Gb  GPT.o [3]
Gpt_Init                      0x715   0x58  Code  Gb  GPT.o [3]
Gpt_StartTimer                0x781   0x28  Code  Gb  GPT.o [3]
HardFault_Handler             0x893         Code  Wk  vectortrap_M.o [6]
LedCtrl_Init                  0x7d1   0x38  Code  Gb  LED_PWM.o [4]
LedCtrl_PwmBlink              0x80d   0x30  Code  Gb  LED_PWM.o [4]
Led_init                      0x8a5    0xe  Code  Gb  LED.o [2]
MemManage_Handler             0x893         Code  Wk  vectortrap_M.o [6]
NMI_Handler                   0x893         Code  Wk  vectortrap_M.o [6]
NVIC_Init                     0x895   0x10  Code  Gb  NVIC.o [3]
PendSV_Handler                0x893         Code  Wk  vectortrap_M.o [6]
PtrToCallBackFunctionTimer0
                        0x2000'0000    0x4  Data  Gb  GPT.o [3]
Region$$Table$$Base           0x914          --   Gb  - Linker created -
Region$$Table$$Limit          0x924          --   Gb  - Linker created -
SVC_Handler                   0x893         Code  Wk  vectortrap_M.o [6]
SysTick_Handler               0x9ad   0x10  Code  Gb  SysTick.o [3]
SysTick_callback        0x2000'0004    0x4  Data  Lc  SysTick.o [3]
UsageFault_Handler            0x893         Code  Wk  vectortrap_M.o [6]
__cmain                       0x925         Code  Gb  cmain.o [6]
__exit                        0x969   0x14  Code  Gb  exit.o [7]
__iar_data_init3              0x8ed   0x28  Code  Gb  data_init.o [6]
__iar_program_start           0x97d         Code  Gb  cstartup_M.o [6]
__iar_unaligned_memcpy4
                              0x83d         Code  Gb  ABImemcpy_unaligned.o [6]
__iar_unaligned_memcpy8
                              0x83d         Code  Gb  ABImemcpy_unaligned.o [6]
__iar_zero_init3              0x8b3   0x38  Code  Gb  zero_init3.o [6]
__low_level_init              0x943    0x4  Code  Gb  low_level_init.o [5]
__vector_table                  0x0         Data  Gb  vector_table_M.o [6]
_call_main                    0x931         Code  Gb  cmain.o [6]
_exit                         0x95d         Code  Gb  cexit.o [6]
exit                          0x957    0x4  Code  Gb  exit.o [5]
main                          0x947   0x10  Code  Gb  main.o [1]


[1] = E:\EG FWD\ARM\Project\__workspace\Project\First_Project\Debug\Obj\App
[2] = E:\EG FWD\ARM\Project\__workspace\Project\First_Project\Debug\Obj\HAL
[3] = E:\EG FWD\ARM\Project\__workspace\Project\First_Project\Debug\Obj\Mcal
[4] = E:\EG FWD\ARM\Project\__workspace\Project\First_Project\Debug\Obj\Services
[5] = dl7M_tln.a
[6] = rt7M_tl.a
[7] = shb_l.a

  2'460 bytes of readonly  code memory
     36 bytes of readonly  data memory
  1'032 bytes of readwrite data memory

Errors: none
Warnings: none
